icrosoft Windows [Version 10.0.15063]
(c) 2017 Microsoft Corporation. All rights reserved.

C:\Users\admin>d:\
'd:\' is not recognized as an internal or external command,
operable program or batch file.

C:\Users\admin>d:

D:\>cd Javascript

D:\JavaScript>git init
Initialized empty Git repository in D:/JavaScript/.git/

D:\JavaScript>git remote -v

D:\JavaScript>git remote --v

D:\JavaScript>git status
On branch master

No commits yet

Untracked files:
  (use "git add <file>..." to include in what will be committed)
        workout_1/

nothing added to commit but untracked files present (use "git add" to track)

D:\JavaScript>git add .

D:\JavaScript>git commit -m 'first commit'
error: pathspec 'commit'' did not match any file(s) known to git

D:\JavaScript>git commit -m"commit"
[master (root-commit) d41e9c4] commit
 2 files changed, 20 insertions(+)
 create mode 100644 workout_1/index.html
 create mode 100644 workout_1/index.js

D:\JavaScript>git status
On branch master
nothing to commit, working tree clean

D:\JavaScript>git remote -v

D:\JavaScript>git remote --v

D:\JavaScript>git log -oneline
fatal: unrecognized argument: -oneline

D:\JavaScript>git log --oneline
d41e9c4 (HEAD -> master) commit

D:\JavaScript>git push
fatal: No configured push destination.
Either specify the URL from the command-line or configure a remote repository using

    git remote add <name> <url>

and then push using the remote name

    git push <name>


D:\JavaScript>git remote add origin https://github.com/niamathsa/gitcheck.git

D:\JavaScript>git remote
origin

D:\JavaScript>git remote --v
origin  https://github.com/niamathsa/gitcheck.git (fetch)
origin  https://github.com/niamathsa/gitcheck.git (push)

D:\JavaScript>git push -u origin master
Enumerating objects: 5, done.
Counting objects: 100% (5/5), done.
Delta compression using up to 4 threads
Compressing objects: 100% (4/4), done.
Writing objects: 100% (5/5), 587 bytes | 97.00 KiB/s, done.
Total 5 (delta 0), reused 0 (delta 0), pack-reused 0
To https://github.com/niamathsa/gitcheck.git
 * [new branch]      master -> master
Branch 'master' set up to track remote branch 'master' from 'origin'.

D:\JavaScript>git branch b1

D:\JavaScript>git branch
  b1
* master

D:\JavaScript>git commit -m "added branch"
On branch master
Your branch is up to date with 'origin/master'.

nothing to commit, working tree clean

D:\JavaScript>git push
Everything up-to-date

D:\JavaScript>git checkout b1
Switched to branch 'b1'

D:\JavaScript>add .
'add' is not recognized as an internal or external command,
operable program or batch file.

D:\JavaScript>git add .

D:\JavaScript>git commit -m "commit from branch"
On branch b1
nothing to commit, working tree clean

D:\JavaScript>git commit -m "commit from branch"
On branch b1
Untracked files:
  (use "git add <file>..." to include in what will be committed)
        workout_1/Testing_Git.txt

nothing added to commit but untracked files present (use "git add" to track)

D:\JavaScript>git add .

D:\JavaScript>git commit -m "commit from branch"
[b1 eec1181] commit from branch
 1 file changed, 3 insertions(+)
 create mode 100644 workout_1/Testing_Git.txt

D:\JavaScript>push
'push' is not recognized as an internal or external command,
operable program or batch file.

D:\JavaScript>git push
fatal: The current branch b1 has no upstream branch.
To push the current branch and set the remote as upstream, use

    git push --set-upstream origin b1


D:\JavaScript>git pust -u origin b1
git: 'pust' is not a git command. See 'git --help'.

The most similar command is
        push

D:\JavaScript>git push -u origin b1
Enumerating objects: 6, done.
Counting objects: 100% (6/6), done.
Delta compression using up to 4 threads
Compressing objects: 100% (2/2), done.
Writing objects: 100% (4/4), 368 bytes | 73.00 KiB/s, done.
Total 4 (delta 0), reused 0 (delta 0), pack-reused 0
remote:
remote: Create a pull request for 'b1' on GitHub by visiting:
remote:      https://github.com/niamathsa/gitcheck/pull/new/b1
remote:
To https://github.com/niamathsa/gitcheck.git
 * [new branch]      b1 -> b1
Branch 'b1' set up to track remote branch 'b1' from 'origin'.

D:\JavaScript>git status
On branch b1
Your branch is up to date with 'origin/b1'.

nothing to commit, working tree clean

D:\JavaScript>git merge master
Already up to date.

D:\JavaScript>git merge origin/master
Already up to date.

D:\JavaScript>git checkout master
Switched to branch 'master'
Your branch is up to date with 'origin/master'.

D:\JavaScript>git merge origin b1
merge: origin - not something we can merge

D:\JavaScript>git merge b1
Updating d41e9c4..eec1181
Fast-forward
 workout_1/Testing_Git.txt | 3 +++
 1 file changed, 3 insertions(+)
 create mode 100644 workout_1/Testing_Git.txt

D:\JavaScript>git status
On branch master
Your branch is ahead of 'origin/master' by 1 commit.
  (use "git push" to publish your local commits)

nothing to commit, working tree clean

D:\JavaScript>git log --oneline
eec1181 (HEAD -> master, origin/b1, b1) commit from branch
d41e9c4 (origin/master) commit

D:\JavaScript>git push -u origin master
Total 0 (delta 0), reused 0 (delta 0), pack-reused 0
To https://github.com/niamathsa/gitcheck.git
   d41e9c4..eec1181  master -> master
Branch 'master' set up to track remote branch 'master' from 'origin'.

D:\JavaScript>git branch b2

D:\JavaScript>git branch
  b1
  b2
* master

D:\JavaScript>git checkout b2
Switched to branch 'b2'

D:\JavaScript>git push -u origin b2
Total 0 (delta 0), reused 0 (delta 0), pack-reused 0
remote:
remote: Create a pull request for 'b2' on GitHub by visiting:
remote:      https://github.com/niamathsa/gitcheck/pull/new/b2
remote:
To https://github.com/niamathsa/gitcheck.git
 * [new branch]      b2 -> b2
Branch 'b2' set up to track remote branch 'b2' from 'origin'.

D:\JavaScript>git push -u origin b2
Everything up-to-date
Branch 'b2' set up to track remote branch 'b2' from 'origin'.

D:\JavaScript>add .
'add' is not recognized as an internal or external command,
operable program or batch file.

D:\JavaScript>git add .

D:\JavaScript>git commit -m "Added Text -Testing GIT b2"
[b2 299a0ef] Added Text -Testing GIT b2
 1 file changed, 1 insertion(+), 1 deletion(-)

D:\JavaScript>git push -u origin b2
Enumerating objects: 7, done.
Counting objects: 100% (7/7), done.
Delta compression using up to 4 threads
Compressing objects: 100% (2/2), done.
Writing objects: 100% (4/4), 394 bytes | 98.00 KiB/s, done.
Total 4 (delta 0), reused 0 (delta 0), pack-reused 0
To https://github.com/niamathsa/gitcheck.git
   eec1181..299a0ef  b2 -> b2
Branch 'b2' set up to track remote branch 'b2' from 'origin'.

D:\JavaScript>git merge b1
Already up to date.

D:\JavaScript>git push -u origin b1
Everything up-to-date
Branch 'b1' set up to track remote branch 'b1' from 'origin'.

D:\JavaScript>git branch
  b1
* b2
  master

D:\JavaScript>git merge b1
Already up to date.

D:\JavaScript>git checkout b1
Switched to branch 'b1'
Your branch is up to date with 'origin/b1'.

D:\JavaScript>git checkout b1
Already on 'b1'
Your branch is up to date with 'origin/b1'.

D:\JavaScript>git checkout b2
Switched to branch 'b2'
Your branch is up to date with 'origin/b2'.

D:\JavaScript>git checkout b1
Switched to branch 'b1'
Your branch is up to date with 'origin/b1'.

D:\JavaScript>git add .

D:\JavaScript>git commit -m"commiting "
On branch b1
Your branch is up to date with 'origin/b1'.

nothing to commit, working tree clean

D:\JavaScript>git branch
* b1
  b2
  master

D:\JavaScript>git branch b2
fatal: A branch named 'b2' already exists.

D:\JavaScript>git switch b2
Switched to branch 'b2'
Your branch is up to date with 'origin/b2'.

D:\JavaScript>git merge master
Already up to date.

D:\JavaScript>git checkout b2
Already on 'b2'
Your branch is up to date with 'origin/b2'.

D:\JavaScript>git checkout master
Switched to branch 'master'
Your branch is up to date with 'origin/master'.

D:\JavaScript>git merge b2
Updating eec1181..299a0ef
Fast-forward
 workout_1/Testing_Git.txt | 2 +-
 1 file changed, 1 insertion(+), 1 deletion(-)

D:\JavaScript>git push -u origin master
Total 0 (delta 0), reused 0 (delta 0), pack-reused 0
To https://github.com/niamathsa/gitcheck.git
   eec1181..299a0ef  master -> master
Branch 'master' set up to track remote branch 'master' from 'origin'.

D:\JavaScript>git checkout b1
Switched to branch 'b1'
Your branch is up to date with 'origin/b1'.

D:\JavaScript>git merge b2
Updating eec1181..299a0ef
Fast-forward
 workout_1/Testing_Git.txt | 2 +-
 1 file changed, 1 insertion(+), 1 deletion(-)

D:\JavaScript>git push -u origin b1
Total 0 (delta 0), reused 0 (delta 0), pack-reused 0
To https://github.com/niamathsa/gitcheck.git
   eec1181..299a0ef  b1 -> b1
Branch 'b1' set up to track remote branch 'b1' from 'origin'.

D:\JavaScript>git status
On branch b1
Your branch is up to date with 'origin/b1'.

nothing to commit, working tree clean

D:\JavaScript>git branch
* b1
  b2
  master

D:\JavaScript>git checkout b2
Switched to branch 'b2'
Your branch is up to date with 'origin/b2'.

D:\JavaScript>git add .

D:\JavaScript>git commit -m"update changes"
On branch b2
Your branch is up to date with 'origin/b2'.

nothing to commit, working tree clean

D:\JavaScript>git checkout b1
Switched to branch 'b1'
Your branch is up to date with 'origin/b1'.

D:\JavaScript>git pull
remote: Enumerating objects: 7, done.
remote: Counting objects: 100% (7/7), done.
remote: Compressing objects: 100% (2/2), done.
remote: Total 4 (delta 0), reused 0 (delta 0), pack-reused 0
Unpacking objects: 100% (4/4), 773 bytes | 4.00 KiB/s, done.
From https://github.com/niamathsa/gitcheck
   299a0ef..798298b  b1         -> origin/b1
Updating 299a0ef..798298b
Fast-forward
 workout_1/Testing_Git.txt | 2 +-
 1 file changed, 1 insertion(+), 1 deletion(-)

D:\JavaScript>git checkout b1
Already on 'b1'
Your branch is up to date with 'origin/b1'.

D:\JavaScript>git checkout b2
Switched to branch 'b2'
Your branch is up to date with 'origin/b2'.

D:\JavaScript>git checkout b1
Switched to branch 'b1'
Your branch is up to date with 'origin/b1'.

D:\JavaScript>git pull origin master
From https://github.com/niamathsa/gitcheck
 * branch            master     -> FETCH_HEAD
Already up to date.

D:\JavaScript>git status
On branch b1
Your branch is up to date with 'origin/b1'.

nothing to commit, working tree clean

D:\JavaScript>git log --oneline
798298b (HEAD -> b1, origin/b1) Update Testing_Git.txt
299a0ef (origin/master, origin/b2, master, b2) Added Text -Testing GIT b2
eec1181 commit from branch
d41e9c4 commit

D:\JavaScript>git switch b2
Switched to branch 'b2'
Your branch is up to date with 'origin/b2'.

D:\JavaScript>git merge b1
Updating 299a0ef..798298b
Fast-forward
 workout_1/Testing_Git.txt | 2 +-
 1 file changed, 1 insertion(+), 1 deletion(-)

D:\JavaScript>git branch
  b1
* b2
  master

D:\JavaScript>git push -u origin b2
Total 0 (delta 0), reused 0 (delta 0), pack-reused 0
To https://github.com/niamathsa/gitcheck.git
   299a0ef..798298b  b2 -> b2
Branch 'b2' set up to track remote branch 'b2' from 'origin'.

D:\JavaScript>git checkout b1
Switched to branch 'b1'
Your branch is up to date with 'origin/b1'.

D:\JavaScript>dir
 Volume in drive D is New Volume
 Volume Serial Number is 6E2F-1B67

 Directory of D:\JavaScript

10/08/2021  06:13 PM    <DIR>          .
10/08/2021  06:13 PM    <DIR>          ..
10/08/2021  08:08 PM    <DIR>          workout_1
               0 File(s)              0 bytes
               3 Dir(s)  236,935,921,664 bytes free

D:\JavaScript>git dir
git: 'dir' is not a git command. See 'git --help'.

The most similar command is
        diff

D:\JavaScript>git files
git: 'files' is not a git command. See 'git --help'.

The most similar command is
        ls-files

D:\JavaScript>git ls-files
workout_1/Testing_Git.txt
workout_1/index.html
workout_1/index.js

D:\JavaScript>git branch2
git: 'branch2' is not a git command. See 'git --help'.

The most similar command is
        branch

D:\JavaScript>git checkout b2
Switched to branch 'b2'
Your branch is up to date with 'origin/b2'.

D:\JavaScript>git ls-files
workout_1/Testing_Git.txt
workout_1/index.html
workout_1/index.js

D:\JavaScript>git add .

D:\JavaScript>git commit -m"addeded Test.txt file"
[b2 306055b] addeded Test.txt file
 1 file changed, 1 insertion(+)
 create mode 100644 workout_1/Test2.txt

D:\JavaScript>git ls-files
workout_1/Test2.txt
workout_1/Testing_Git.txt
workout_1/index.html
workout_1/index.js

D:\JavaScript>git switch b1
Switched to branch 'b1'
Your branch is up to date with 'origin/b1'.

D:\JavaScript>git ls-files
workout_1/Testing_Git.txt
workout_1/index.html
workout_1/index.js

D:\JavaScript>git checkout b2
Switched to branch 'b2'
Your branch is ahead of 'origin/b2' by 1 commit.
  (use "git push" to publish your local commits)

D:\JavaScript>git checkout b1
Switched to branch 'b1'
Your branch is up to date with 'origin/b1'.

D:\JavaScript>git checkout b2
Switched to branch 'b2'
Your branch is ahead of 'origin/b2' by 1 commit.
  (use "git push" to publish your local commits)

D:\JavaScript>git push -u origin b2
Enumerating objects: 6, done.
Counting objects: 100% (6/6), done.
Delta compression using up to 4 threads
Compressing objects: 100% (2/2), done.
Writing objects: 100% (4/4), 347 bytes | 173.00 KiB/s, done.
Total 4 (delta 1), reused 0 (delta 0), pack-reused 0
remote: Resolving deltas: 100% (1/1), completed with 1 local object.
To https://github.com/niamathsa/gitcheck.git
   798298b..306055b  b2 -> b2
Branch 'b2' set up to track remote branch 'b2' from 'origin'.

D:\JavaScript>git checkout master
Switched to branch 'master'
Your branch is up to date with 'origin/master'.

D:\JavaScript>git branch b3

D:\JavaScript>git branch
  b1
  b2
  b3
* master

D:\JavaScript>git checkout b3
Switched to branch 'b3'

D:\JavaScript>git ls-files
workout_1/Testing_Git.txt
workout_1/index.html
workout_1/index.js

D:\JavaScript>git checkout b2
Switched to branch 'b2'
Your branch is up to date with 'origin/b2'.

D:\JavaScript>git branch b4

D:\JavaScript>git checkout b4
Switched to branch 'b4'

D:\JavaScript>git ls-files
workout_1/Test2.txt
workout_1/Testing_Git.txt
workout_1/index.html
workout_1/index.js

D:\JavaScript>git push -u b4
fatal: 'b4' does not appear to be a git repository
fatal: Could not read from remote repository.

Please make sure you have the correct access rights
and the repository exists.

D:\JavaScript>git push -u origin b4
Total 0 (delta 0), reused 0 (delta 0), pack-reused 0
remote:
remote: Create a pull request for 'b4' on GitHub by visiting:
remote:      https://github.com/niamathsa/gitcheck/pull/new/b4
remote:
To https://github.com/niamathsa/gitcheck.git
 * [new branch]      b4 -> b4
Branch 'b4' set up to track remote branch 'b4' from 'origin'.

D:\JavaScript>git switch b3
Switched to branch 'b3'

D:\JavaScript>git push -u origin b3
Total 0 (delta 0), reused 0 (delta 0), pack-reused 0
remote:
remote: Create a pull request for 'b3' on GitHub by visiting:
remote:      https://github.com/niamathsa/gitcheck/pull/new/b3
remote:
To https://github.com/niamathsa/gitcheck.git
 * [new branch]      b3 -> b3
Branch 'b3' set up to track remote branch 'b3' from 'origin'.

D:\JavaScript>git pull b2
fatal: 'b2' does not appear to be a git repository
fatal: Could not read from remote repository.

Please make sure you have the correct access rights
and the repository exists.

D:\JavaScript>git pull -u b2
error: unknown switch `u'
usage: git pull [<options>] [<repository> [<refspec>...]]

    -v, --verbose         be more verbose
    -q, --quiet           be more quiet
    --progress            force progress reporting
    --recurse-submodules[=<on-demand>]
                          control for recursive fetching of submodules

Options related to merging
    -r, --rebase[=(false|true|merges|preserve|interactive)]
                          incorporate changes by rebasing rather than merging
    -n                    do not show a diffstat at the end of the merge
    --stat                show a diffstat at the end of the merge
    --log[=<n>]           add (at most <n>) entries from shortlog to merge commit message
    --signoff[=...]       add a Signed-off-by trailer
    --squash              create a single commit instead of doing a merge
    --commit              perform a commit if the merge succeeds (default)
    --edit                edit message before committing
    --cleanup <mode>      how to strip spaces and #comments from message
    --ff                  allow fast-forward
    --ff-only             abort if fast-forward is not possible
    --verify-signatures   verify that the named commit has a valid GPG signature
    --autostash           automatically stash/stash pop before and after
    -s, --strategy <strategy>
                          merge strategy to use
    -X, --strategy-option <option=value>
                          option for selected merge strategy
    -S, --gpg-sign[=<key-id>]
                          GPG sign commit
    --allow-unrelated-histories
                          allow merging unrelated histories

Options related to fetching
    --all                 fetch from all remotes
    -a, --append          append to .git/FETCH_HEAD instead of overwriting
    --upload-pack <path>  path to upload pack on remote end
    -f, --force           force overwrite of local branch
    -t, --tags            fetch all tags and associated objects
    -p, --prune           prune remote-tracking branches no longer on remote
    -j, --jobs[=<n>]      number of submodules pulled in parallel
    --dry-run             dry run
    -k, --keep            keep downloaded pack
    --depth <depth>       deepen history of shallow clone
    --shallow-since <time>
                          deepen history of shallow repository based on time
    --shallow-exclude <revision>
                          deepen history of shallow clone, excluding rev
    --deepen <n>          deepen history of shallow clone
    --unshallow           convert to a complete repository
    --update-shallow      accept refs that update .git/shallow
    --refmap <refmap>     specify fetch refmap
    -o, --server-option <server-specific>
                          option to transmit
    -4, --ipv4            use IPv4 addresses only
    -6, --ipv6            use IPv6 addresses only
    --negotiation-tip <revision>
                          report that we have only objects reachable from this object
    --show-forced-updates
                          check for forced-updates on all updated branches
    --set-upstream        set upstream for git pull/fetch


D:\JavaScript>git pull
Already up to date.

D:\JavaScript>git branch
  b1
  b2
* b3
  b4
  master

D:\JavaScript>git pull origin b2
From https://github.com/niamathsa/gitcheck
 * branch            b2         -> FETCH_HEAD
Updating 299a0ef..306055b
Fast-forward
 workout_1/Test2.txt       | 1 +
 workout_1/Testing_Git.txt | 2 +-
 2 files changed, 2 insertions(+), 1 deletion(-)
 create mode 100644 workout_1/Test2.txt

D:\JavaScript>git ls-files
workout_1/Test2.txt
workout_1/Testing_Git.txt
workout_1/index.html
workout_1/index.js

D:\JavaScript>add .
'add' is not recognized as an internal or external command,
operable program or batch file.

D:\JavaScript>git add .

D:\JavaScript>git commite -m"pulled from b2"
git: 'commite' is not a git command. See 'git --help'.

The most similar command is
        commit

D:\JavaScript>git commit -m"pulled from b2"
On branch b3
Your branch is ahead of 'origin/b3' by 2 commits.
  (use "git push" to publish your local commits)

nothing to commit, working tree clean

D:\JavaScript>git push origin b3
Total 0 (delta 0), reused 0 (delta 0), pack-reused 0
To https://github.com/niamathsa/gitcheck.git
   299a0ef..306055b  b3 -> b3

D:\JavaScript>Microsoft Windows [Version 10.0.15063]
'Microsoft' is not recognized as an internal or external command,
operable program or batch file.

D:\JavaScript>(c) 2017 Microsoft Corporation. All rights reserved.
2017 was unexpected at this time.
